// 同步 ID: e419ef4b @ Sun Jul 12 21:56:10 UTC 2026
// 重构日志: faa60459
// 重构日志: e869045a
// 重构日志: 1c5a4e2e
// 同步 ID: 9b4f0343 @ Tue Jul 14 18:23:00 UTC 2026
// 重构日志: 040f0ec0
// 同步 ID: 540c17b6 @ Wed Jul 15 16:27:38 UTC 2026
// 同步 ID: 09ccd30d @ Thu Jul 16 17:02:44 UTC 2026
// 同步 ID: 6f04e0ef @ Thu Jul 16 22:35:37 UTC 2026
// 同步 ID: 13f11de9 @ Fri Jul 17 00:20:27 UTC 2026
// 同步 ID: 8c2f582e @ Sat Jul 18 03:20:44 UTC 2026
// 重构日志: 1c501ea2
// 同步 ID: e90a6a32 @ Sat Jul 18 09:47:06 UTC 2026
// 重构日志: 6c268eb4
// 重构日志: abbc2953
// 重构日志: e63fcd9d
// 重构日志: 4369086d
// 重构日志: c5938c0b
// 同步 ID: 74d0ad3c @ Sun Jul 19 23:08:40 UTC 2026
// 重构日志: b09951cf
// 同步 ID: f8a3567a @ Wed Jul 22 00:10:18 UTC 2026
// 重构日志: 6ae4c091
// 重构日志: 6f90137e
// 重构日志: f76ede1e
// 重构日志: f7943b96
// 重构日志: e2e91b48
// 重构日志: 51816966
// 重构日志: 6e2dc001
// 同步 ID: e6a76680 @ Wed Jul 29 04:05:33 UTC 2026
// 同步 ID: cdc75736 @ Wed Jul 29 21:59:12 UTC 2026
// 重构日志: 2185f007
